2026-02-25 10:00:14,280 | INFO | Ô£à Teste conclu├¡do.
